AR rf behavioral "C:/Documents and Settings/Administrador/Mis documentos/Arquitectura/procesador3/Procesador3/RF.vhd" sub00/vhpl13 1508250131
AR uc behavioral "C:/Documents and Settings/Administrador/Mis documentos/Arquitectura/procesador3/Procesador3/UC.vhd" sub00/vhpl09 1508250127
EN psr NULL "C:/Documents and Settings/Administrador/Mis documentos/Arquitectura/procesador3/Procesador3/PSR.vhd" sub00/vhpl20 1508250138
EN seu NULL "C:/Documents and Settings/Administrador/Mis documentos/Arquitectura/procesador3/Procesador3/SEU.vhd" sub00/vhpl10 1508250128
AR alu behavioral "C:/Documents and Settings/Administrador/Mis documentos/Arquitectura/procesador3/Procesador3/ALU.vhd" sub00/vhpl17 1508250135
AR mux behavioral "C:/Documents and Settings/Administrador/Mis documentos/Arquitectura/procesador3/Procesador3/MUX.vhd" sub00/vhpl15 1508250133
EN im NULL "C:/Documents and Settings/Administrador/Mis documentos/Arquitectura/procesador3/Procesador3/IM.vhd" sub00/vhpl06 1508250124
AR im behavioral "C:/Documents and Settings/Administrador/Mis documentos/Arquitectura/procesador3/Procesador3/IM.vhd" sub00/vhpl07 1508250125
EN pc NULL "C:/Documents and Settings/Administrador/Mis documentos/Arquitectura/procesador3/Procesador3/PC.vhd" sub00/vhpl04 1508250122
AR sumador behavioral "C:/Documents and Settings/Administrador/Mis documentos/Arquitectura/procesador3/Procesador3/sumador.vhd" sub00/vhpl01 1508250119
AR npc behavioral "C:/Documents and Settings/Administrador/Mis documentos/Arquitectura/procesador3/Procesador3/nPC.vhd" sub00/vhpl03 1508250121
EN procesador NULL "C:/Documents and Settings/Administrador/Mis documentos/Arquitectura/procesador3/Procesador3/Procesador.vhd" sub00/vhpl22 1508250140
EN rf NULL "C:/Documents and Settings/Administrador/Mis documentos/Arquitectura/procesador3/Procesador3/RF.vhd" sub00/vhpl12 1508250130
EN uc NULL "C:/Documents and Settings/Administrador/Mis documentos/Arquitectura/procesador3/Procesador3/UC.vhd" sub00/vhpl08 1508250126
AR psr_mod behavioral "C:/Documents and Settings/Administrador/Mis documentos/Arquitectura/procesador3/Procesador3/PSR_Mod.vhd" sub00/vhpl19 1508250137
EN psr_mod NULL "C:/Documents and Settings/Administrador/Mis documentos/Arquitectura/procesador3/Procesador3/PSR_Mod.vhd" sub00/vhpl18 1508250136
EN npc NULL "C:/Documents and Settings/Administrador/Mis documentos/Arquitectura/procesador3/Procesador3/nPC.vhd" sub00/vhpl02 1508250120
AR psr behavioral "C:/Documents and Settings/Administrador/Mis documentos/Arquitectura/procesador3/Procesador3/PSR.vhd" sub00/vhpl21 1508250139
EN mux NULL "C:/Documents and Settings/Administrador/Mis documentos/Arquitectura/procesador3/Procesador3/MUX.vhd" sub00/vhpl14 1508250132
EN sumador NULL "C:/Documents and Settings/Administrador/Mis documentos/Arquitectura/procesador3/Procesador3/sumador.vhd" sub00/vhpl00 1508250118
AR seu behavioral "C:/Documents and Settings/Administrador/Mis documentos/Arquitectura/procesador3/Procesador3/SEU.vhd" sub00/vhpl11 1508250129
AR pc behavioral "C:/Documents and Settings/Administrador/Mis documentos/Arquitectura/procesador3/Procesador3/PC.vhd" sub00/vhpl05 1508250123
EN alu NULL "C:/Documents and Settings/Administrador/Mis documentos/Arquitectura/procesador3/Procesador3/ALU.vhd" sub00/vhpl16 1508250134
AR procesador behavioral "C:/Documents and Settings/Administrador/Mis documentos/Arquitectura/procesador3/Procesador3/Procesador.vhd" sub00/vhpl23 1508250141
